accounts.snapchat.com
ad-center.snapchat.com
addlive.io
ads-interfaces-dev.sc-cdn.net
ads-interfaces.sc-cdn.net
ads-preprod.snapchat.com
ads.snapchat.com
adsapi.snapchat.com
adsapi2.snapchat.com
adsapi3.snapchat.com
advertising.snapchat.com
aka.sc-cdn.net
am-api.snapchat.com
ap-southeast1-aws.gateway.snapchat.com
api-kit.snapchat.com
api.snapchat.com
app-analytics-dev.snapchat.com
app-analytics-v2.snapchat.com
app-analytics.snapchat.com
app.snapchat.com
art.snapchat.com
asia-southeast1-gcp.api.snapchat.com
assets.snapchat.com
auth.snapchat.com
aw.sc-cdn.net
aws-cf.api.snapchat.com
aws-proxy-gcp.api.snapchat.com
aws.api.snapchat.com
aws.duplex.snapchat.com
beta.snappublisher.snapchat.com
bitmoji.api.snapchat.com
bolt-gcdn-staging.sc-cdn.net
bolt-gcdn.sc-cdn.net
bolt-gme.sc-cdn.net
business-manager.snapchat.com
business.snapchat.com
businesshelp.snapchat.com
c-test.sc-cdn.net
c-test2.sc-cdn.net
c-test3.sc-cdn.net
c-test4.sc-cdn.net
calendar.snapchat.com
cdn.snapchat.com
cf-st.sc-cdn.net
chat-gateway-prod.chat.snapchat.com
click.email.snapchat.com
click.learn.ads.snapchat.com
click.snapchat.com
cloud.email.snapchat.com
cloudflare.sc-cdn.net
commerce-merchant.snapchat.com
create.snapchat.com
creator.snapchat.com
creators.snapchat.com
ct-giphy.sc-cdn.net
developer.snapchat.com
developers.snapchat.com
direct-response-gcp.api.snapchat.com
docs.snapchat.com
ds.sc-cdn.net
ds.snapchat.com
earn.snapchat.com
educators.snapchat.com
email-content.sc-cdn.net
email.snapchat.com
eu-west1-aws.gateway.snapchat.com
europe-west1-gcp.api.snapchat.com
events.snapchat.com
experience.snapchat.com
feelinsonice.com
focus.snapchat.com
forbusiness.snapchat.com
g-test.sc-cdn.net
g-test2.sc-cdn.net
g-test3.sc-cdn.net
g-test4.sc-cdn.net
games.snapchat.com
gcp.api.snapchat.com
gcs.sc-cdn.net
geofilters-api.snapchat.com
geofilters-community-api.snapchat.com
geofilters.snapchat.com
groove.snapchat.com
help.snapchat.com
hoops.games.snapchat.com
image.email.snapchat.com
image.learn.ads.snapchat.com
internal.snappublisher.snapchat.com
intg.snapchat.com
investor.snapchat.com
iosbeta.snapchat.com
jaguar-prod.snapchat.com
kit-staging.snapchat.com
kit.snapchat.com
lawenforcement.snapchat.com
learn.advertising.snapchat.com
lens-lab.snapchat.com
lens.games.snapchat.com
lens.snapchat.com
lensstudio.snapchat.com
lenstudio.snapchat.com
lenswebbuilder.snapchat.com
less.snapchat.com
link.snapchat.com
login.snapchat.com
mail2.support.snapchat.com
map.snapchat.com
maps.snapchat.com
marketing-web-api.snap.com
marketingapi.snapchat.com
mem-a.sc-cdn.net
mem-c.sc-cdn.net
mem-d.sc-cdn.net
mem-h.sc-cdn.net
mem-n.sc-cdn.net
mem-o.sc-cdn.net
minis.snapchat.com
ml.snapchat.com
mvm-20240424.snapchat.com
mvm.mvm-20240424.snapchat.com
mvm.snapchat.com
my.snapchat.com
omnicollector.snapchat.com
parents.snapchat.com
partnerhub-api.snapchat.com
partners-api.snapchat.com
partners.snapchat.com
partnership.snapchat.com
perception.sc-cdn.net
perception.snapchat.com
places.snapchat.com
play.snapchat.com
premium-stories.snapchat.com
private.minis.sc-cdn.net
pro-accounts.sc-cdn.net
pro-accounts.snapchat.com
pro-insights.snapchat.com
pro-stories.snapchat.com
profile.snapchat.com
public.minis.sc-cdn.net
publish.snapchat.com
release-manager.sc-cdn.net
rsp.snapchat.com
rtam-collector.snapchat.com
s.sc-cdn.net
s.snapchat.com
sc-cdn.net
sc-corp.net
sc-gw.com
sc-jpl.com
sc-prod.net
sc-static.net
scan-partners.snapchat.com
scan.snapchat.com
search.snapchat.com
session.snapchat.com
share.snapchat.com
shows.snapchat.com
sks.snapchat.com
snap-dev.net
snap-storage-cdn.l.google.com
snap.com
snapads.com
snapcamera.snapchat.com
snapchat-com
snapchat-payments-gateway.snapchat.com
snapchat.com
snapcodes.snapchat.com
snapkit.com
snapmap.com
snapmap.org
snapmaps.com
snaporiginals.snapchat.com
snappublisher-dev.sc-cdn.net
snappublisher.sc-cdn.net
snappublisher.snapchat.com
staging-us-east1-aws.api.snapchat.com
staging.app-analytics.snapchat.com
static.snapchat.com
store.snapchat.com
story.snapchat.com
studio-app.snapchat.com
studio-crash.snapchat.com
subscriptions-beta.snapchat.com
subscriptions.snapchat.com
support.canvas.snapchat.com
support.lensstudio.snapchat.com
support.snapchat.com
survey.snapchat.com
t.snapchat.com
topic-sticker-vending-us-east-1.snapchat.com
topic-sticker-vending.snapchat.com
tr-shadow.snapchat.com
tr.snapchat.com
tr6.snapchat.com
trends.snapchat.com
us-central1-gcp.api.snapchat.com
us-east-1-bitmoji.api.snapchat.com
us-east-1.aws.staging.duplex.snapchat.com
us-east-1.content-annotations-service.snapchat.com
us-east-1.shows.snapchat.com
us-east-1.story-studio.snapchat.com
us-east1-aws-acc-test.api.snapchat.com
us-east1-aws-acc.api.snapchat.com
us-east1-aws-cf.api.snapchat.com
us-east1-aws.api.snapchat.com
us-east1-aws.gateway.snapchat.com
us-east4-gcp-ineg.api.snapchat.com
us-east4-gcp.api.snapchat.com
us-west-2.aws.staging.duplex.snapchat.com
usc1-gcp-v61.api.snapchat.com
usc1-gcp-v62.api.snapchat.com
use4-gcp-v4.api.snapchat.com
use4-gcp-v6.api.snapchat.com
view.email.snapchat.com
view.learn.ads.snapchat.com
w.snapchat.com
web.snapchat.com
webattachments.snapchat.com
whatis.snapchat.com
www.events.snapchat.com
www.intg.snapchat.com
www.snapchat.com